[2026-07-22 14:43:44] local.ERROR: Database file at path [/home/pranjal/Pranjal/vscode/Files/core/database/database.sqlite] does not exist. Ensure this is an absolute path to the database. (Connection: sqlite, SQL: select * from "cache" where "key" in (SystemInstalled)) {"exception":"[object] (Illuminate\\Database\\QueryException(code: 0): Database file at path [/home/pranjal/Pranjal/vscode/Files/core/database/database.sqlite] does not exist. Ensure this is an absolute path to the database. (Connection: sqlite, SQL: select * from \"cache\" where \"key\" in (SystemInstalled)) at /home/pranjal/Pranjal/vscode/Files/core/vendor/laravel/framework/src/Illuminate/Database/Connection.php:825)
[stacktrace]
#0 /home/pranjal/Pranjal/vscode/Files/core/vendor/laravel/framework/src/Illuminate/Database/Connection.php(779): Illuminate\\Database\\Connection->runQueryCallback()
#1 /home/pranjal/Pranjal/vscode/Files/core/vendor/laravel/framework/src/Illuminate/Database/Connection.php(398): Illuminate\\Database\\Connection->run()
#2 /home/pranjal/Pranjal/vscode/Files/core/vendor/laravel/framework/src/Illuminate/Database/Query/Builder.php(3106): Illuminate\\Database\\Connection->select()
#3 /home/pranjal/Pranjal/vscode/Files/core/vendor/laravel/framework/src/Illuminate/Database/Query/Builder.php(3091): Illuminate\\Database\\Query\\Builder->runSelect()
#4 /home/pranjal/Pranjal/vscode/Files/core/vendor/laravel/framework/src/Illuminate/Database/Query/Builder.php(3676): Illuminate\\Database\\Query\\Builder->{closure:Illuminate\\Database\\Query\\Builder::get():3090}()
#5 /home/pranjal/Pranjal/vscode/Files/core/vendor/laravel/framework/src/Illuminate/Database/Query/Builder.php(3090): Illuminate\\Database\\Query\\Builder->onceWithColumns()
#6 /home/pranjal/Pranjal/vscode/Files/core/vendor/laravel/framework/src/Illuminate/Cache/DatabaseStore.php(130): Illuminate\\Database\\Query\\Builder->get()
#7 /home/pranjal/Pranjal/vscode/Files/core/vendor/laravel/framework/src/Illuminate/Cache/DatabaseStore.php(105): Illuminate\\Cache\\DatabaseStore->many()
#8 /home/pranjal/Pranjal/vscode/Files/core/vendor/laravel/framework/src/Illuminate/Cache/Repository.php(117): Illuminate\\Cache\\DatabaseStore->get()
#9 /home/pranjal/Pranjal/vscode/Files/core/vendor/laravel/framework/src/Illuminate/Cache/CacheManager.php(453): Illuminate\\Cache\\Repository->get()
#10 /home/pranjal/Pranjal/vscode/Files/core/app/Providers/AppServiceProvider.php(31): Illuminate\\Cache\\CacheManager->__call()
#11 /home/pranjal/Pranjal/vscode/Files/core/vendor/laravel/framework/src/Illuminate/Container/BoundMethod.php(36): App\\Providers\\AppServiceProvider->boot()
#12 /home/pranjal/Pranjal/vscode/Files/core/vendor/laravel/framework/src/Illuminate/Container/Util.php(43): Illuminate\\Container\\BoundMethod::{closure:Illuminate\\Container\\BoundMethod::call():35}()
#13 /home/pranjal/Pranjal/vscode/Files/core/vendor/laravel/framework/src/Illuminate/Container/BoundMethod.php(95): Illuminate\\Container\\Util::unwrapIfClosure()
#14 /home/pranjal/Pranjal/vscode/Files/core/vendor/laravel/framework/src/Illuminate/Container/BoundMethod.php(35): Illuminate\\Container\\BoundMethod::callBoundMethod()
#15 /home/pranjal/Pranjal/vscode/Files/core/vendor/laravel/framework/src/Illuminate/Container/Container.php(696): Illuminate\\Container\\BoundMethod::call()
#16 /home/pranjal/Pranjal/vscode/Files/core/vendor/laravel/framework/src/Illuminate/Foundation/Application.php(1151): Illuminate\\Container\\Container->call()
#17 /home/pranjal/Pranjal/vscode/Files/core/vendor/laravel/framework/src/Illuminate/Foundation/Application.php(1132): Illuminate\\Foundation\\Application->bootProvider()
#18 [internal function]: Illuminate\\Foundation\\Application->{closure:Illuminate\\Foundation\\Application::boot():1131}()
#19 /home/pranjal/Pranjal/vscode/Files/core/vendor/laravel/framework/src/Illuminate/Foundation/Application.php(1131): array_walk()
#20 /home/pranjal/Pranjal/vscode/Files/core/vendor/laravel/framework/src/Illuminate/Foundation/Bootstrap/BootProviders.php(17): Illuminate\\Foundation\\Application->boot()
#21 /home/pranjal/Pranjal/vscode/Files/core/vendor/laravel/framework/src/Illuminate/Foundation/Application.php(342): Illuminate\\Foundation\\Bootstrap\\BootProviders->bootstrap()
#22 /home/pranjal/Pranjal/vscode/Files/core/vendor/laravel/framework/src/Illuminate/Foundation/Console/Kernel.php(474): Illuminate\\Foundation\\Application->bootstrapWith()
#23 /home/pranjal/Pranjal/vscode/Files/core/vendor/laravel/framework/src/Illuminate/Foundation/Console/Kernel.php(196): Illuminate\\Foundation\\Console\\Kernel->bootstrap()
#24 /home/pranjal/Pranjal/vscode/Files/core/vendor/laravel/framework/src/Illuminate/Foundation/Application.php(1235): Illuminate\\Foundation\\Console\\Kernel->handle()
#25 /home/pranjal/Pranjal/vscode/Files/core/artisan(13): Illuminate\\Foundation\\Application->handleCommand()
#26 {main}

[previous exception] [object] (Illuminate\\Database\\SQLiteDatabaseDoesNotExistException(code: 0): Database file at path [/home/pranjal/Pranjal/vscode/Files/core/database/database.sqlite] does not exist. Ensure this is an absolute path to the database. at /home/pranjal/Pranjal/vscode/Files/core/vendor/laravel/framework/src/Illuminate/Database/Connectors/SQLiteConnector.php:37)
[stacktrace]
#0 /home/pranjal/Pranjal/vscode/Files/core/vendor/laravel/framework/src/Illuminate/Database/Connectors/ConnectionFactory.php(224): Illuminate\\Database\\Connectors\\SQLiteConnector->connect()
#1 [internal function]: Illuminate\\Database\\Connectors\\ConnectionFactory->{closure:Illuminate\\Database\\Connectors\\ConnectionFactory::createPdoResolverWithoutHosts():224}()
#2 /home/pranjal/Pranjal/vscode/Files/core/vendor/laravel/framework/src/Illuminate/Database/Connection.php(1231): call_user_func()
#3 /home/pranjal/Pranjal/vscode/Files/core/vendor/laravel/framework/src/Illuminate/Database/Connection.php(1267): Illuminate\\Database\\Connection->getPdo()
#4 /home/pranjal/Pranjal/vscode/Files/core/vendor/laravel/framework/src/Illuminate/Database/Connection.php(512): Illuminate\\Database\\Connection->getReadPdo()
#5 /home/pranjal/Pranjal/vscode/Files/core/vendor/laravel/framework/src/Illuminate/Database/Connection.php(407): Illuminate\\Database\\Connection->getPdoForSelect()
#6 /home/pranjal/Pranjal/vscode/Files/core/vendor/laravel/framework/src/Illuminate/Database/Connection.php(812): Illuminate\\Database\\Connection->{closure:Illuminate\\Database\\Connection::select():398}()
#7 /home/pranjal/Pranjal/vscode/Files/core/vendor/laravel/framework/src/Illuminate/Database/Connection.php(779): Illuminate\\Database\\Connection->runQueryCallback()
#8 /home/pranjal/Pranjal/vscode/Files/core/vendor/laravel/framework/src/Illuminate/Database/Connection.php(398): Illuminate\\Database\\Connection->run()
#9 /home/pranjal/Pranjal/vscode/Files/core/vendor/laravel/framework/src/Illuminate/Database/Query/Builder.php(3106): Illuminate\\Database\\Connection->select()
#10 /home/pranjal/Pranjal/vscode/Files/core/vendor/laravel/framework/src/Illuminate/Database/Query/Builder.php(3091): Illuminate\\Database\\Query\\Builder->runSelect()
#11 /home/pranjal/Pranjal/vscode/Files/core/vendor/laravel/framework/src/Illuminate/Database/Query/Builder.php(3676): Illuminate\\Database\\Query\\Builder->{closure:Illuminate\\Database\\Query\\Builder::get():3090}()
#12 /home/pranjal/Pranjal/vscode/Files/core/vendor/laravel/framework/src/Illuminate/Database/Query/Builder.php(3090): Illuminate\\Database\\Query\\Builder->onceWithColumns()
#13 /home/pranjal/Pranjal/vscode/Files/core/vendor/laravel/framework/src/Illuminate/Cache/DatabaseStore.php(130): Illuminate\\Database\\Query\\Builder->get()
#14 /home/pranjal/Pranjal/vscode/Files/core/vendor/laravel/framework/src/Illuminate/Cache/DatabaseStore.php(105): Illuminate\\Cache\\DatabaseStore->many()
#15 /home/pranjal/Pranjal/vscode/Files/core/vendor/laravel/framework/src/Illuminate/Cache/Repository.php(117): Illuminate\\Cache\\DatabaseStore->get()
#16 /home/pranjal/Pranjal/vscode/Files/core/vendor/laravel/framework/src/Illuminate/Cache/CacheManager.php(453): Illuminate\\Cache\\Repository->get()
#17 /home/pranjal/Pranjal/vscode/Files/core/app/Providers/AppServiceProvider.php(31): Illuminate\\Cache\\CacheManager->__call()
#18 /home/pranjal/Pranjal/vscode/Files/core/vendor/laravel/framework/src/Illuminate/Container/BoundMethod.php(36): App\\Providers\\AppServiceProvider->boot()
#19 /home/pranjal/Pranjal/vscode/Files/core/vendor/laravel/framework/src/Illuminate/Container/Util.php(43): Illuminate\\Container\\BoundMethod::{closure:Illuminate\\Container\\BoundMethod::call():35}()
#20 /home/pranjal/Pranjal/vscode/Files/core/vendor/laravel/framework/src/Illuminate/Container/BoundMethod.php(95): Illuminate\\Container\\Util::unwrapIfClosure()
#21 /home/pranjal/Pranjal/vscode/Files/core/vendor/laravel/framework/src/Illuminate/Container/BoundMethod.php(35): Illuminate\\Container\\BoundMethod::callBoundMethod()
#22 /home/pranjal/Pranjal/vscode/Files/core/vendor/laravel/framework/src/Illuminate/Container/Container.php(696): Illuminate\\Container\\BoundMethod::call()
#23 /home/pranjal/Pranjal/vscode/Files/core/vendor/laravel/framework/src/Illuminate/Foundation/Application.php(1151): Illuminate\\Container\\Container->call()
#24 /home/pranjal/Pranjal/vscode/Files/core/vendor/laravel/framework/src/Illuminate/Foundation/Application.php(1132): Illuminate\\Foundation\\Application->bootProvider()
#25 [internal function]: Illuminate\\Foundation\\Application->{closure:Illuminate\\Foundation\\Application::boot():1131}()
#26 /home/pranjal/Pranjal/vscode/Files/core/vendor/laravel/framework/src/Illuminate/Foundation/Application.php(1131): array_walk()
#27 /home/pranjal/Pranjal/vscode/Files/core/vendor/laravel/framework/src/Illuminate/Foundation/Bootstrap/BootProviders.php(17): Illuminate\\Foundation\\Application->boot()
#28 /home/pranjal/Pranjal/vscode/Files/core/vendor/laravel/framework/src/Illuminate/Foundation/Application.php(342): Illuminate\\Foundation\\Bootstrap\\BootProviders->bootstrap()
#29 /home/pranjal/Pranjal/vscode/Files/core/vendor/laravel/framework/src/Illuminate/Foundation/Console/Kernel.php(474): Illuminate\\Foundation\\Application->bootstrapWith()
#30 /home/pranjal/Pranjal/vscode/Files/core/vendor/laravel/framework/src/Illuminate/Foundation/Console/Kernel.php(196): Illuminate\\Foundation\\Console\\Kernel->bootstrap()
#31 /home/pranjal/Pranjal/vscode/Files/core/vendor/laravel/framework/src/Illuminate/Foundation/Application.php(1235): Illuminate\\Foundation\\Console\\Kernel->handle()
#32 /home/pranjal/Pranjal/vscode/Files/core/artisan(13): Illuminate\\Foundation\\Application->handleCommand()
#33 {main}
"} 
[2026-07-22 14:43:52] local.ERROR: SQLSTATE[HY000]: General error: 1 no such table: cache (Connection: sqlite, SQL: select * from "cache" where "key" in (SystemInstalled)) {"exception":"[object] (Illuminate\\Database\\QueryException(code: HY000): SQLSTATE[HY000]: General error: 1 no such table: cache (Connection: sqlite, SQL: select * from \"cache\" where \"key\" in (SystemInstalled)) at /home/pranjal/Pranjal/vscode/Files/core/vendor/laravel/framework/src/Illuminate/Database/Connection.php:825)
[stacktrace]
#0 /home/pranjal/Pranjal/vscode/Files/core/vendor/laravel/framework/src/Illuminate/Database/Connection.php(779): Illuminate\\Database\\Connection->runQueryCallback()
#1 /home/pranjal/Pranjal/vscode/Files/core/vendor/laravel/framework/src/Illuminate/Database/Connection.php(398): Illuminate\\Database\\Connection->run()
#2 /home/pranjal/Pranjal/vscode/Files/core/vendor/laravel/framework/src/Illuminate/Database/Query/Builder.php(3106): Illuminate\\Database\\Connection->select()
#3 /home/pranjal/Pranjal/vscode/Files/core/vendor/laravel/framework/src/Illuminate/Database/Query/Builder.php(3091): Illuminate\\Database\\Query\\Builder->runSelect()
#4 /home/pranjal/Pranjal/vscode/Files/core/vendor/laravel/framework/src/Illuminate/Database/Query/Builder.php(3676): Illuminate\\Database\\Query\\Builder->{closure:Illuminate\\Database\\Query\\Builder::get():3090}()
#5 /home/pranjal/Pranjal/vscode/Files/core/vendor/laravel/framework/src/Illuminate/Database/Query/Builder.php(3090): Illuminate\\Database\\Query\\Builder->onceWithColumns()
#6 /home/pranjal/Pranjal/vscode/Files/core/vendor/laravel/framework/src/Illuminate/Cache/DatabaseStore.php(130): Illuminate\\Database\\Query\\Builder->get()
#7 /home/pranjal/Pranjal/vscode/Files/core/vendor/laravel/framework/src/Illuminate/Cache/DatabaseStore.php(105): Illuminate\\Cache\\DatabaseStore->many()
#8 /home/pranjal/Pranjal/vscode/Files/core/vendor/laravel/framework/src/Illuminate/Cache/Repository.php(117): Illuminate\\Cache\\DatabaseStore->get()
#9 /home/pranjal/Pranjal/vscode/Files/core/vendor/laravel/framework/src/Illuminate/Cache/CacheManager.php(453): Illuminate\\Cache\\Repository->get()
#10 /home/pranjal/Pranjal/vscode/Files/core/app/Providers/AppServiceProvider.php(31): Illuminate\\Cache\\CacheManager->__call()
#11 /home/pranjal/Pranjal/vscode/Files/core/vendor/laravel/framework/src/Illuminate/Container/BoundMethod.php(36): App\\Providers\\AppServiceProvider->boot()
#12 /home/pranjal/Pranjal/vscode/Files/core/vendor/laravel/framework/src/Illuminate/Container/Util.php(43): Illuminate\\Container\\BoundMethod::{closure:Illuminate\\Container\\BoundMethod::call():35}()
#13 /home/pranjal/Pranjal/vscode/Files/core/vendor/laravel/framework/src/Illuminate/Container/BoundMethod.php(95): Illuminate\\Container\\Util::unwrapIfClosure()
#14 /home/pranjal/Pranjal/vscode/Files/core/vendor/laravel/framework/src/Illuminate/Container/BoundMethod.php(35): Illuminate\\Container\\BoundMethod::callBoundMethod()
#15 /home/pranjal/Pranjal/vscode/Files/core/vendor/laravel/framework/src/Illuminate/Container/Container.php(696): Illuminate\\Container\\BoundMethod::call()
#16 /home/pranjal/Pranjal/vscode/Files/core/vendor/laravel/framework/src/Illuminate/Foundation/Application.php(1151): Illuminate\\Container\\Container->call()
#17 /home/pranjal/Pranjal/vscode/Files/core/vendor/laravel/framework/src/Illuminate/Foundation/Application.php(1132): Illuminate\\Foundation\\Application->bootProvider()
#18 [internal function]: Illuminate\\Foundation\\Application->{closure:Illuminate\\Foundation\\Application::boot():1131}()
#19 /home/pranjal/Pranjal/vscode/Files/core/vendor/laravel/framework/src/Illuminate/Foundation/Application.php(1131): array_walk()
#20 /home/pranjal/Pranjal/vscode/Files/core/vendor/laravel/framework/src/Illuminate/Foundation/Bootstrap/BootProviders.php(17): Illuminate\\Foundation\\Application->boot()
#21 /home/pranjal/Pranjal/vscode/Files/core/vendor/laravel/framework/src/Illuminate/Foundation/Application.php(342): Illuminate\\Foundation\\Bootstrap\\BootProviders->bootstrap()
#22 /home/pranjal/Pranjal/vscode/Files/core/vendor/laravel/framework/src/Illuminate/Foundation/Console/Kernel.php(474): Illuminate\\Foundation\\Application->bootstrapWith()
#23 /home/pranjal/Pranjal/vscode/Files/core/vendor/laravel/framework/src/Illuminate/Foundation/Console/Kernel.php(196): Illuminate\\Foundation\\Console\\Kernel->bootstrap()
#24 /home/pranjal/Pranjal/vscode/Files/core/vendor/laravel/framework/src/Illuminate/Foundation/Application.php(1235): Illuminate\\Foundation\\Console\\Kernel->handle()
#25 /home/pranjal/Pranjal/vscode/Files/core/artisan(13): Illuminate\\Foundation\\Application->handleCommand()
#26 {main}

[previous exception] [object] (PDOException(code: HY000): SQLSTATE[HY000]: General error: 1 no such table: cache at /home/pranjal/Pranjal/vscode/Files/core/vendor/laravel/framework/src/Illuminate/Database/Connection.php:407)
[stacktrace]
#0 /home/pranjal/Pranjal/vscode/Files/core/vendor/laravel/framework/src/Illuminate/Database/Connection.php(407): PDO->prepare()
#1 /home/pranjal/Pranjal/vscode/Files/core/vendor/laravel/framework/src/Illuminate/Database/Connection.php(812): Illuminate\\Database\\Connection->{closure:Illuminate\\Database\\Connection::select():398}()
#2 /home/pranjal/Pranjal/vscode/Files/core/vendor/laravel/framework/src/Illuminate/Database/Connection.php(779): Illuminate\\Database\\Connection->runQueryCallback()
#3 /home/pranjal/Pranjal/vscode/Files/core/vendor/laravel/framework/src/Illuminate/Database/Connection.php(398): Illuminate\\Database\\Connection->run()
#4 /home/pranjal/Pranjal/vscode/Files/core/vendor/laravel/framework/src/Illuminate/Database/Query/Builder.php(3106): Illuminate\\Database\\Connection->select()
#5 /home/pranjal/Pranjal/vscode/Files/core/vendor/laravel/framework/src/Illuminate/Database/Query/Builder.php(3091): Illuminate\\Database\\Query\\Builder->runSelect()
#6 /home/pranjal/Pranjal/vscode/Files/core/vendor/laravel/framework/src/Illuminate/Database/Query/Builder.php(3676): Illuminate\\Database\\Query\\Builder->{closure:Illuminate\\Database\\Query\\Builder::get():3090}()
#7 /home/pranjal/Pranjal/vscode/Files/core/vendor/laravel/framework/src/Illuminate/Database/Query/Builder.php(3090): Illuminate\\Database\\Query\\Builder->onceWithColumns()
#8 /home/pranjal/Pranjal/vscode/Files/core/vendor/laravel/framework/src/Illuminate/Cache/DatabaseStore.php(130): Illuminate\\Database\\Query\\Builder->get()
#9 /home/pranjal/Pranjal/vscode/Files/core/vendor/laravel/framework/src/Illuminate/Cache/DatabaseStore.php(105): Illuminate\\Cache\\DatabaseStore->many()
#10 /home/pranjal/Pranjal/vscode/Files/core/vendor/laravel/framework/src/Illuminate/Cache/Repository.php(117): Illuminate\\Cache\\DatabaseStore->get()
#11 /home/pranjal/Pranjal/vscode/Files/core/vendor/laravel/framework/src/Illuminate/Cache/CacheManager.php(453): Illuminate\\Cache\\Repository->get()
#12 /home/pranjal/Pranjal/vscode/Files/core/app/Providers/AppServiceProvider.php(31): Illuminate\\Cache\\CacheManager->__call()
#13 /home/pranjal/Pranjal/vscode/Files/core/vendor/laravel/framework/src/Illuminate/Container/BoundMethod.php(36): App\\Providers\\AppServiceProvider->boot()
#14 /home/pranjal/Pranjal/vscode/Files/core/vendor/laravel/framework/src/Illuminate/Container/Util.php(43): Illuminate\\Container\\BoundMethod::{closure:Illuminate\\Container\\BoundMethod::call():35}()
#15 /home/pranjal/Pranjal/vscode/Files/core/vendor/laravel/framework/src/Illuminate/Container/BoundMethod.php(95): Illuminate\\Container\\Util::unwrapIfClosure()
#16 /home/pranjal/Pranjal/vscode/Files/core/vendor/laravel/framework/src/Illuminate/Container/BoundMethod.php(35): Illuminate\\Container\\BoundMethod::callBoundMethod()
#17 /home/pranjal/Pranjal/vscode/Files/core/vendor/laravel/framework/src/Illuminate/Container/Container.php(696): Illuminate\\Container\\BoundMethod::call()
#18 /home/pranjal/Pranjal/vscode/Files/core/vendor/laravel/framework/src/Illuminate/Foundation/Application.php(1151): Illuminate\\Container\\Container->call()
#19 /home/pranjal/Pranjal/vscode/Files/core/vendor/laravel/framework/src/Illuminate/Foundation/Application.php(1132): Illuminate\\Foundation\\Application->bootProvider()
#20 [internal function]: Illuminate\\Foundation\\Application->{closure:Illuminate\\Foundation\\Application::boot():1131}()
#21 /home/pranjal/Pranjal/vscode/Files/core/vendor/laravel/framework/src/Illuminate/Foundation/Application.php(1131): array_walk()
#22 /home/pranjal/Pranjal/vscode/Files/core/vendor/laravel/framework/src/Illuminate/Foundation/Bootstrap/BootProviders.php(17): Illuminate\\Foundation\\Application->boot()
#23 /home/pranjal/Pranjal/vscode/Files/core/vendor/laravel/framework/src/Illuminate/Foundation/Application.php(342): Illuminate\\Foundation\\Bootstrap\\BootProviders->bootstrap()
#24 /home/pranjal/Pranjal/vscode/Files/core/vendor/laravel/framework/src/Illuminate/Foundation/Console/Kernel.php(474): Illuminate\\Foundation\\Application->bootstrapWith()
#25 /home/pranjal/Pranjal/vscode/Files/core/vendor/laravel/framework/src/Illuminate/Foundation/Console/Kernel.php(196): Illuminate\\Foundation\\Console\\Kernel->bootstrap()
#26 /home/pranjal/Pranjal/vscode/Files/core/vendor/laravel/framework/src/Illuminate/Foundation/Application.php(1235): Illuminate\\Foundation\\Console\\Kernel->handle()
#27 /home/pranjal/Pranjal/vscode/Files/core/artisan(13): Illuminate\\Foundation\\Application->handleCommand()
#28 {main}
"} 
[2026-07-22 14:44:02] local.ERROR: SQLSTATE[HY000]: General error: 1 no such table: cache (Connection: sqlite, SQL: select * from "cache" where "key" in (SystemInstalled)) {"exception":"[object] (Illuminate\\Database\\QueryException(code: HY000): SQLSTATE[HY000]: General error: 1 no such table: cache (Connection: sqlite, SQL: select * from \"cache\" where \"key\" in (SystemInstalled)) at /home/pranjal/Pranjal/vscode/Files/core/vendor/laravel/framework/src/Illuminate/Database/Connection.php:825)
[stacktrace]
#0 /home/pranjal/Pranjal/vscode/Files/core/vendor/laravel/framework/src/Illuminate/Database/Connection.php(779): Illuminate\\Database\\Connection->runQueryCallback()
#1 /home/pranjal/Pranjal/vscode/Files/core/vendor/laravel/framework/src/Illuminate/Database/Connection.php(398): Illuminate\\Database\\Connection->run()
#2 /home/pranjal/Pranjal/vscode/Files/core/vendor/laravel/framework/src/Illuminate/Database/Query/Builder.php(3106): Illuminate\\Database\\Connection->select()
#3 /home/pranjal/Pranjal/vscode/Files/core/vendor/laravel/framework/src/Illuminate/Database/Query/Builder.php(3091): Illuminate\\Database\\Query\\Builder->runSelect()
#4 /home/pranjal/Pranjal/vscode/Files/core/vendor/laravel/framework/src/Illuminate/Database/Query/Builder.php(3676): Illuminate\\Database\\Query\\Builder->{closure:Illuminate\\Database\\Query\\Builder::get():3090}()
#5 /home/pranjal/Pranjal/vscode/Files/core/vendor/laravel/framework/src/Illuminate/Database/Query/Builder.php(3090): Illuminate\\Database\\Query\\Builder->onceWithColumns()
#6 /home/pranjal/Pranjal/vscode/Files/core/vendor/laravel/framework/src/Illuminate/Cache/DatabaseStore.php(130): Illuminate\\Database\\Query\\Builder->get()
#7 /home/pranjal/Pranjal/vscode/Files/core/vendor/laravel/framework/src/Illuminate/Cache/DatabaseStore.php(105): Illuminate\\Cache\\DatabaseStore->many()
#8 /home/pranjal/Pranjal/vscode/Files/core/vendor/laravel/framework/src/Illuminate/Cache/Repository.php(117): Illuminate\\Cache\\DatabaseStore->get()
#9 /home/pranjal/Pranjal/vscode/Files/core/vendor/laravel/framework/src/Illuminate/Cache/CacheManager.php(453): Illuminate\\Cache\\Repository->get()
#10 /home/pranjal/Pranjal/vscode/Files/core/app/Providers/AppServiceProvider.php(31): Illuminate\\Cache\\CacheManager->__call()
#11 /home/pranjal/Pranjal/vscode/Files/core/vendor/laravel/framework/src/Illuminate/Container/BoundMethod.php(36): App\\Providers\\AppServiceProvider->boot()
#12 /home/pranjal/Pranjal/vscode/Files/core/vendor/laravel/framework/src/Illuminate/Container/Util.php(43): Illuminate\\Container\\BoundMethod::{closure:Illuminate\\Container\\BoundMethod::call():35}()
#13 /home/pranjal/Pranjal/vscode/Files/core/vendor/laravel/framework/src/Illuminate/Container/BoundMethod.php(95): Illuminate\\Container\\Util::unwrapIfClosure()
#14 /home/pranjal/Pranjal/vscode/Files/core/vendor/laravel/framework/src/Illuminate/Container/BoundMethod.php(35): Illuminate\\Container\\BoundMethod::callBoundMethod()
#15 /home/pranjal/Pranjal/vscode/Files/core/vendor/laravel/framework/src/Illuminate/Container/Container.php(696): Illuminate\\Container\\BoundMethod::call()
#16 /home/pranjal/Pranjal/vscode/Files/core/vendor/laravel/framework/src/Illuminate/Foundation/Application.php(1151): Illuminate\\Container\\Container->call()
#17 /home/pranjal/Pranjal/vscode/Files/core/vendor/laravel/framework/src/Illuminate/Foundation/Application.php(1132): Illuminate\\Foundation\\Application->bootProvider()
#18 [internal function]: Illuminate\\Foundation\\Application->{closure:Illuminate\\Foundation\\Application::boot():1131}()
#19 /home/pranjal/Pranjal/vscode/Files/core/vendor/laravel/framework/src/Illuminate/Foundation/Application.php(1131): array_walk()
#20 /home/pranjal/Pranjal/vscode/Files/core/vendor/laravel/framework/src/Illuminate/Foundation/Bootstrap/BootProviders.php(17): Illuminate\\Foundation\\Application->boot()
#21 /home/pranjal/Pranjal/vscode/Files/core/vendor/laravel/framework/src/Illuminate/Foundation/Application.php(342): Illuminate\\Foundation\\Bootstrap\\BootProviders->bootstrap()
#22 /home/pranjal/Pranjal/vscode/Files/core/vendor/laravel/framework/src/Illuminate/Foundation/Console/Kernel.php(474): Illuminate\\Foundation\\Application->bootstrapWith()
#23 /home/pranjal/Pranjal/vscode/Files/core/vendor/laravel/framework/src/Illuminate/Foundation/Console/Kernel.php(196): Illuminate\\Foundation\\Console\\Kernel->bootstrap()
#24 /home/pranjal/Pranjal/vscode/Files/core/vendor/laravel/framework/src/Illuminate/Foundation/Application.php(1235): Illuminate\\Foundation\\Console\\Kernel->handle()
#25 /home/pranjal/Pranjal/vscode/Files/core/artisan(13): Illuminate\\Foundation\\Application->handleCommand()
#26 {main}

[previous exception] [object] (PDOException(code: HY000): SQLSTATE[HY000]: General error: 1 no such table: cache at /home/pranjal/Pranjal/vscode/Files/core/vendor/laravel/framework/src/Illuminate/Database/Connection.php:407)
[stacktrace]
#0 /home/pranjal/Pranjal/vscode/Files/core/vendor/laravel/framework/src/Illuminate/Database/Connection.php(407): PDO->prepare()
#1 /home/pranjal/Pranjal/vscode/Files/core/vendor/laravel/framework/src/Illuminate/Database/Connection.php(812): Illuminate\\Database\\Connection->{closure:Illuminate\\Database\\Connection::select():398}()
#2 /home/pranjal/Pranjal/vscode/Files/core/vendor/laravel/framework/src/Illuminate/Database/Connection.php(779): Illuminate\\Database\\Connection->runQueryCallback()
#3 /home/pranjal/Pranjal/vscode/Files/core/vendor/laravel/framework/src/Illuminate/Database/Connection.php(398): Illuminate\\Database\\Connection->run()
#4 /home/pranjal/Pranjal/vscode/Files/core/vendor/laravel/framework/src/Illuminate/Database/Query/Builder.php(3106): Illuminate\\Database\\Connection->select()
#5 /home/pranjal/Pranjal/vscode/Files/core/vendor/laravel/framework/src/Illuminate/Database/Query/Builder.php(3091): Illuminate\\Database\\Query\\Builder->runSelect()
#6 /home/pranjal/Pranjal/vscode/Files/core/vendor/laravel/framework/src/Illuminate/Database/Query/Builder.php(3676): Illuminate\\Database\\Query\\Builder->{closure:Illuminate\\Database\\Query\\Builder::get():3090}()
#7 /home/pranjal/Pranjal/vscode/Files/core/vendor/laravel/framework/src/Illuminate/Database/Query/Builder.php(3090): Illuminate\\Database\\Query\\Builder->onceWithColumns()
#8 /home/pranjal/Pranjal/vscode/Files/core/vendor/laravel/framework/src/Illuminate/Cache/DatabaseStore.php(130): Illuminate\\Database\\Query\\Builder->get()
#9 /home/pranjal/Pranjal/vscode/Files/core/vendor/laravel/framework/src/Illuminate/Cache/DatabaseStore.php(105): Illuminate\\Cache\\DatabaseStore->many()
#10 /home/pranjal/Pranjal/vscode/Files/core/vendor/laravel/framework/src/Illuminate/Cache/Repository.php(117): Illuminate\\Cache\\DatabaseStore->get()
#11 /home/pranjal/Pranjal/vscode/Files/core/vendor/laravel/framework/src/Illuminate/Cache/CacheManager.php(453): Illuminate\\Cache\\Repository->get()
#12 /home/pranjal/Pranjal/vscode/Files/core/app/Providers/AppServiceProvider.php(31): Illuminate\\Cache\\CacheManager->__call()
#13 /home/pranjal/Pranjal/vscode/Files/core/vendor/laravel/framework/src/Illuminate/Container/BoundMethod.php(36): App\\Providers\\AppServiceProvider->boot()
#14 /home/pranjal/Pranjal/vscode/Files/core/vendor/laravel/framework/src/Illuminate/Container/Util.php(43): Illuminate\\Container\\BoundMethod::{closure:Illuminate\\Container\\BoundMethod::call():35}()
#15 /home/pranjal/Pranjal/vscode/Files/core/vendor/laravel/framework/src/Illuminate/Container/BoundMethod.php(95): Illuminate\\Container\\Util::unwrapIfClosure()
#16 /home/pranjal/Pranjal/vscode/Files/core/vendor/laravel/framework/src/Illuminate/Container/BoundMethod.php(35): Illuminate\\Container\\BoundMethod::callBoundMethod()
#17 /home/pranjal/Pranjal/vscode/Files/core/vendor/laravel/framework/src/Illuminate/Container/Container.php(696): Illuminate\\Container\\BoundMethod::call()
#18 /home/pranjal/Pranjal/vscode/Files/core/vendor/laravel/framework/src/Illuminate/Foundation/Application.php(1151): Illuminate\\Container\\Container->call()
#19 /home/pranjal/Pranjal/vscode/Files/core/vendor/laravel/framework/src/Illuminate/Foundation/Application.php(1132): Illuminate\\Foundation\\Application->bootProvider()
#20 [internal function]: Illuminate\\Foundation\\Application->{closure:Illuminate\\Foundation\\Application::boot():1131}()
#21 /home/pranjal/Pranjal/vscode/Files/core/vendor/laravel/framework/src/Illuminate/Foundation/Application.php(1131): array_walk()
#22 /home/pranjal/Pranjal/vscode/Files/core/vendor/laravel/framework/src/Illuminate/Foundation/Bootstrap/BootProviders.php(17): Illuminate\\Foundation\\Application->boot()
#23 /home/pranjal/Pranjal/vscode/Files/core/vendor/laravel/framework/src/Illuminate/Foundation/Application.php(342): Illuminate\\Foundation\\Bootstrap\\BootProviders->bootstrap()
#24 /home/pranjal/Pranjal/vscode/Files/core/vendor/laravel/framework/src/Illuminate/Foundation/Console/Kernel.php(474): Illuminate\\Foundation\\Application->bootstrapWith()
#25 /home/pranjal/Pranjal/vscode/Files/core/vendor/laravel/framework/src/Illuminate/Foundation/Console/Kernel.php(196): Illuminate\\Foundation\\Console\\Kernel->bootstrap()
#26 /home/pranjal/Pranjal/vscode/Files/core/vendor/laravel/framework/src/Illuminate/Foundation/Application.php(1235): Illuminate\\Foundation\\Console\\Kernel->handle()
#27 /home/pranjal/Pranjal/vscode/Files/core/artisan(13): Illuminate\\Foundation\\Application->handleCommand()
#28 {main}
"} 
[2026-07-22 14:58:01] local.ERROR: SQLSTATE[42S02]: Base table or view not found: 1146 Table 'Files.cache' doesn't exist (Connection: mysql, SQL: select * from `cache` where `key` in (SystemInstalled)) {"exception":"[object] (Illuminate\\Database\\QueryException(code: 42S02): SQLSTATE[42S02]: Base table or view not found: 1146 Table 'Files.cache' doesn't exist (Connection: mysql, SQL: select * from `cache` where `key` in (SystemInstalled)) at /home/pranjal/Pranjal/vscode/Files/core/vendor/laravel/framework/src/Illuminate/Database/Connection.php:825)
[stacktrace]
#0 /home/pranjal/Pranjal/vscode/Files/core/vendor/laravel/framework/src/Illuminate/Database/Connection.php(779): Illuminate\\Database\\Connection->runQueryCallback()
#1 /home/pranjal/Pranjal/vscode/Files/core/vendor/laravel/framework/src/Illuminate/Database/Connection.php(398): Illuminate\\Database\\Connection->run()
#2 /home/pranjal/Pranjal/vscode/Files/core/vendor/laravel/framework/src/Illuminate/Database/Query/Builder.php(3106): Illuminate\\Database\\Connection->select()
#3 /home/pranjal/Pranjal/vscode/Files/core/vendor/laravel/framework/src/Illuminate/Database/Query/Builder.php(3091): Illuminate\\Database\\Query\\Builder->runSelect()
#4 /home/pranjal/Pranjal/vscode/Files/core/vendor/laravel/framework/src/Illuminate/Database/Query/Builder.php(3676): Illuminate\\Database\\Query\\Builder->{closure:Illuminate\\Database\\Query\\Builder::get():3090}()
#5 /home/pranjal/Pranjal/vscode/Files/core/vendor/laravel/framework/src/Illuminate/Database/Query/Builder.php(3090): Illuminate\\Database\\Query\\Builder->onceWithColumns()
#6 /home/pranjal/Pranjal/vscode/Files/core/vendor/laravel/framework/src/Illuminate/Cache/DatabaseStore.php(130): Illuminate\\Database\\Query\\Builder->get()
#7 /home/pranjal/Pranjal/vscode/Files/core/vendor/laravel/framework/src/Illuminate/Cache/DatabaseStore.php(105): Illuminate\\Cache\\DatabaseStore->many()
#8 /home/pranjal/Pranjal/vscode/Files/core/vendor/laravel/framework/src/Illuminate/Cache/Repository.php(117): Illuminate\\Cache\\DatabaseStore->get()
#9 /home/pranjal/Pranjal/vscode/Files/core/vendor/laravel/framework/src/Illuminate/Cache/CacheManager.php(453): Illuminate\\Cache\\Repository->get()
#10 /home/pranjal/Pranjal/vscode/Files/core/app/Providers/AppServiceProvider.php(31): Illuminate\\Cache\\CacheManager->__call()
#11 /home/pranjal/Pranjal/vscode/Files/core/vendor/laravel/framework/src/Illuminate/Container/BoundMethod.php(36): App\\Providers\\AppServiceProvider->boot()
#12 /home/pranjal/Pranjal/vscode/Files/core/vendor/laravel/framework/src/Illuminate/Container/Util.php(43): Illuminate\\Container\\BoundMethod::{closure:Illuminate\\Container\\BoundMethod::call():35}()
#13 /home/pranjal/Pranjal/vscode/Files/core/vendor/laravel/framework/src/Illuminate/Container/BoundMethod.php(95): Illuminate\\Container\\Util::unwrapIfClosure()
#14 /home/pranjal/Pranjal/vscode/Files/core/vendor/laravel/framework/src/Illuminate/Container/BoundMethod.php(35): Illuminate\\Container\\BoundMethod::callBoundMethod()
#15 /home/pranjal/Pranjal/vscode/Files/core/vendor/laravel/framework/src/Illuminate/Container/Container.php(696): Illuminate\\Container\\BoundMethod::call()
#16 /home/pranjal/Pranjal/vscode/Files/core/vendor/laravel/framework/src/Illuminate/Foundation/Application.php(1151): Illuminate\\Container\\Container->call()
#17 /home/pranjal/Pranjal/vscode/Files/core/vendor/laravel/framework/src/Illuminate/Foundation/Application.php(1132): Illuminate\\Foundation\\Application->bootProvider()
#18 [internal function]: Illuminate\\Foundation\\Application->{closure:Illuminate\\Foundation\\Application::boot():1131}()
#19 /home/pranjal/Pranjal/vscode/Files/core/vendor/laravel/framework/src/Illuminate/Foundation/Application.php(1131): array_walk()
#20 /home/pranjal/Pranjal/vscode/Files/core/vendor/laravel/framework/src/Illuminate/Foundation/Bootstrap/BootProviders.php(17): Illuminate\\Foundation\\Application->boot()
#21 /home/pranjal/Pranjal/vscode/Files/core/vendor/laravel/framework/src/Illuminate/Foundation/Application.php(342): Illuminate\\Foundation\\Bootstrap\\BootProviders->bootstrap()
#22 /home/pranjal/Pranjal/vscode/Files/core/vendor/laravel/framework/src/Illuminate/Foundation/Http/Kernel.php(187): Illuminate\\Foundation\\Application->bootstrapWith()
#23 /home/pranjal/Pranjal/vscode/Files/core/vendor/laravel/framework/src/Illuminate/Foundation/Http/Kernel.php(171): Illuminate\\Foundation\\Http\\Kernel->bootstrap()
#24 /home/pranjal/Pranjal/vscode/Files/core/vendor/laravel/framework/src/Illuminate/Foundation/Http/Kernel.php(145): Illuminate\\Foundation\\Http\\Kernel->sendRequestThroughRouter()
#25 /home/pranjal/Pranjal/vscode/Files/core/vendor/laravel/framework/src/Illuminate/Foundation/Application.php(1220): Illuminate\\Foundation\\Http\\Kernel->handle()
#26 /home/pranjal/Pranjal/vscode/Files/index.php(17): Illuminate\\Foundation\\Application->handleRequest()
#27 {main}

[previous exception] [object] (PDOException(code: 42S02): SQLSTATE[42S02]: Base table or view not found: 1146 Table 'Files.cache' doesn't exist at /home/pranjal/Pranjal/vscode/Files/core/vendor/laravel/framework/src/Illuminate/Database/Connection.php:407)
[stacktrace]
#0 /home/pranjal/Pranjal/vscode/Files/core/vendor/laravel/framework/src/Illuminate/Database/Connection.php(407): PDO->prepare()
#1 /home/pranjal/Pranjal/vscode/Files/core/vendor/laravel/framework/src/Illuminate/Database/Connection.php(812): Illuminate\\Database\\Connection->{closure:Illuminate\\Database\\Connection::select():398}()
#2 /home/pranjal/Pranjal/vscode/Files/core/vendor/laravel/framework/src/Illuminate/Database/Connection.php(779): Illuminate\\Database\\Connection->runQueryCallback()
#3 /home/pranjal/Pranjal/vscode/Files/core/vendor/laravel/framework/src/Illuminate/Database/Connection.php(398): Illuminate\\Database\\Connection->run()
#4 /home/pranjal/Pranjal/vscode/Files/core/vendor/laravel/framework/src/Illuminate/Database/Query/Builder.php(3106): Illuminate\\Database\\Connection->select()
#5 /home/pranjal/Pranjal/vscode/Files/core/vendor/laravel/framework/src/Illuminate/Database/Query/Builder.php(3091): Illuminate\\Database\\Query\\Builder->runSelect()
#6 /home/pranjal/Pranjal/vscode/Files/core/vendor/laravel/framework/src/Illuminate/Database/Query/Builder.php(3676): Illuminate\\Database\\Query\\Builder->{closure:Illuminate\\Database\\Query\\Builder::get():3090}()
#7 /home/pranjal/Pranjal/vscode/Files/core/vendor/laravel/framework/src/Illuminate/Database/Query/Builder.php(3090): Illuminate\\Database\\Query\\Builder->onceWithColumns()
#8 /home/pranjal/Pranjal/vscode/Files/core/vendor/laravel/framework/src/Illuminate/Cache/DatabaseStore.php(130): Illuminate\\Database\\Query\\Builder->get()
#9 /home/pranjal/Pranjal/vscode/Files/core/vendor/laravel/framework/src/Illuminate/Cache/DatabaseStore.php(105): Illuminate\\Cache\\DatabaseStore->many()
#10 /home/pranjal/Pranjal/vscode/Files/core/vendor/laravel/framework/src/Illuminate/Cache/Repository.php(117): Illuminate\\Cache\\DatabaseStore->get()
#11 /home/pranjal/Pranjal/vscode/Files/core/vendor/laravel/framework/src/Illuminate/Cache/CacheManager.php(453): Illuminate\\Cache\\Repository->get()
#12 /home/pranjal/Pranjal/vscode/Files/core/app/Providers/AppServiceProvider.php(31): Illuminate\\Cache\\CacheManager->__call()
#13 /home/pranjal/Pranjal/vscode/Files/core/vendor/laravel/framework/src/Illuminate/Container/BoundMethod.php(36): App\\Providers\\AppServiceProvider->boot()
#14 /home/pranjal/Pranjal/vscode/Files/core/vendor/laravel/framework/src/Illuminate/Container/Util.php(43): Illuminate\\Container\\BoundMethod::{closure:Illuminate\\Container\\BoundMethod::call():35}()
#15 /home/pranjal/Pranjal/vscode/Files/core/vendor/laravel/framework/src/Illuminate/Container/BoundMethod.php(95): Illuminate\\Container\\Util::unwrapIfClosure()
#16 /home/pranjal/Pranjal/vscode/Files/core/vendor/laravel/framework/src/Illuminate/Container/BoundMethod.php(35): Illuminate\\Container\\BoundMethod::callBoundMethod()
#17 /home/pranjal/Pranjal/vscode/Files/core/vendor/laravel/framework/src/Illuminate/Container/Container.php(696): Illuminate\\Container\\BoundMethod::call()
#18 /home/pranjal/Pranjal/vscode/Files/core/vendor/laravel/framework/src/Illuminate/Foundation/Application.php(1151): Illuminate\\Container\\Container->call()
#19 /home/pranjal/Pranjal/vscode/Files/core/vendor/laravel/framework/src/Illuminate/Foundation/Application.php(1132): Illuminate\\Foundation\\Application->bootProvider()
#20 [internal function]: Illuminate\\Foundation\\Application->{closure:Illuminate\\Foundation\\Application::boot():1131}()
#21 /home/pranjal/Pranjal/vscode/Files/core/vendor/laravel/framework/src/Illuminate/Foundation/Application.php(1131): array_walk()
#22 /home/pranjal/Pranjal/vscode/Files/core/vendor/laravel/framework/src/Illuminate/Foundation/Bootstrap/BootProviders.php(17): Illuminate\\Foundation\\Application->boot()
#23 /home/pranjal/Pranjal/vscode/Files/core/vendor/laravel/framework/src/Illuminate/Foundation/Application.php(342): Illuminate\\Foundation\\Bootstrap\\BootProviders->bootstrap()
#24 /home/pranjal/Pranjal/vscode/Files/core/vendor/laravel/framework/src/Illuminate/Foundation/Http/Kernel.php(187): Illuminate\\Foundation\\Application->bootstrapWith()
#25 /home/pranjal/Pranjal/vscode/Files/core/vendor/laravel/framework/src/Illuminate/Foundation/Http/Kernel.php(171): Illuminate\\Foundation\\Http\\Kernel->bootstrap()
#26 /home/pranjal/Pranjal/vscode/Files/core/vendor/laravel/framework/src/Illuminate/Foundation/Http/Kernel.php(145): Illuminate\\Foundation\\Http\\Kernel->sendRequestThroughRouter()
#27 /home/pranjal/Pranjal/vscode/Files/core/vendor/laravel/framework/src/Illuminate/Foundation/Application.php(1220): Illuminate\\Foundation\\Http\\Kernel->handle()
#28 /home/pranjal/Pranjal/vscode/Files/index.php(17): Illuminate\\Foundation\\Application->handleRequest()
#29 {main}
"} 
[2026-07-22 15:16:47] local.ERROR: SQLSTATE[42S01]: Base table or view already exists: 1050 Table 'admins' already exists (Connection: mysql, SQL: create table `admins` (`id` bigint unsigned not null auto_increment primary key, `username` varchar(50) not null, `email` varchar(100) not null, `password` varchar(255) not null, `name` varchar(100) not null, `image` varchar(255) null, `remember_token` varchar(100) null, `created_at` timestamp null, `updated_at` timestamp null) default character set utf8mb4 collate 'utf8mb4_unicode_ci') {"exception":"[object] (Illuminate\\Database\\QueryException(code: 42S01): SQLSTATE[42S01]: Base table or view already exists: 1050 Table 'admins' already exists (Connection: mysql, SQL: create table `admins` (`id` bigint unsigned not null auto_increment primary key, `username` varchar(50) not null, `email` varchar(100) not null, `password` varchar(255) not null, `name` varchar(100) not null, `image` varchar(255) null, `remember_token` varchar(100) null, `created_at` timestamp null, `updated_at` timestamp null) default character set utf8mb4 collate 'utf8mb4_unicode_ci') at /home/pranjal/Pranjal/vscode/Files/core/vendor/laravel/framework/src/Illuminate/Database/Connection.php:825)
[stacktrace]
#0 /home/pranjal/Pranjal/vscode/Files/core/vendor/laravel/framework/src/Illuminate/Database/Connection.php(779): Illuminate\\Database\\Connection->runQueryCallback()
#1 /home/pranjal/Pranjal/vscode/Files/core/vendor/laravel/framework/src/Illuminate/Database/Connection.php(560): Illuminate\\Database\\Connection->run()
#2 /home/pranjal/Pranjal/vscode/Files/core/vendor/laravel/framework/src/Illuminate/Database/Schema/Blueprint.php(118): Illuminate\\Database\\Connection->statement()
#3 /home/pranjal/Pranjal/vscode/Files/core/vendor/laravel/framework/src/Illuminate/Database/Schema/Builder.php(564): Illuminate\\Database\\Schema\\Blueprint->build()
#4 /home/pranjal/Pranjal/vscode/Files/core/vendor/laravel/framework/src/Illuminate/Database/Schema/Builder.php(418): Illuminate\\Database\\Schema\\Builder->build()
#5 /home/pranjal/Pranjal/vscode/Files/core/vendor/laravel/framework/src/Illuminate/Support/Facades/Facade.php(361): Illuminate\\Database\\Schema\\Builder->create()
#6 /home/pranjal/Pranjal/vscode/Files/core/database/migrations/2024_01_01_000001_create_admins_table.php(11): Illuminate\\Support\\Facades\\Facade::__callStatic()
#7 /home/pranjal/Pranjal/vscode/Files/core/vendor/laravel/framework/src/Illuminate/Database/Migrations/Migrator.php(507): Illuminate\\Database\\Migrations\\Migration@anonymous->up()
#8 /home/pranjal/Pranjal/vscode/Files/core/vendor/laravel/framework/src/Illuminate/Database/Migrations/Migrator.php(432): Illuminate\\Database\\Migrations\\Migrator->runMethod()
#9 /home/pranjal/Pranjal/vscode/Files/core/vendor/laravel/framework/src/Illuminate/Database/Migrations/Migrator.php(441): Illuminate\\Database\\Migrations\\Migrator->{closure:Illuminate\\Database\\Migrations\\Migrator::runMigration():428}()
#10 /home/pranjal/Pranjal/vscode/Files/core/vendor/laravel/framework/src/Illuminate/Database/Migrations/Migrator.php(244): Illuminate\\Database\\Migrations\\Migrator->runMigration()
#11 /home/pranjal/Pranjal/vscode/Files/core/vendor/laravel/framework/src/Illuminate/Console/View/Components/Task.php(40): Illuminate\\Database\\Migrations\\Migrator->{closure:Illuminate\\Database\\Migrations\\Migrator::runUp():244}()
#12 /home/pranjal/Pranjal/vscode/Files/core/vendor/laravel/framework/src/Illuminate/Database/Migrations/Migrator.php(798): Illuminate\\Console\\View\\Components\\Task->render()
#13 /home/pranjal/Pranjal/vscode/Files/core/vendor/laravel/framework/src/Illuminate/Database/Migrations/Migrator.php(244): Illuminate\\Database\\Migrations\\Migrator->write()
#14 /home/pranjal/Pranjal/vscode/Files/core/vendor/laravel/framework/src/Illuminate/Database/Migrations/Migrator.php(211): Illuminate\\Database\\Migrations\\Migrator->runUp()
#15 /home/pranjal/Pranjal/vscode/Files/core/vendor/laravel/framework/src/Illuminate/Database/Migrations/Migrator.php(138): Illuminate\\Database\\Migrations\\Migrator->runPending()
#16 /home/pranjal/Pranjal/vscode/Files/core/vendor/laravel/framework/src/Illuminate/Database/Console/Migrations/MigrateCommand.php(117): Illuminate\\Database\\Migrations\\Migrator->run()
#17 /home/pranjal/Pranjal/vscode/Files/core/vendor/laravel/framework/src/Illuminate/Database/Migrations/Migrator.php(658): Illuminate\\Database\\Console\\Migrations\\MigrateCommand->{closure:Illuminate\\Database\\Console\\Migrations\\MigrateCommand::runMigrations():110}()
#18 /home/pranjal/Pranjal/vscode/Files/core/vendor/laravel/framework/src/Illuminate/Database/Console/Migrations/MigrateCommand.php(110): Illuminate\\Database\\Migrations\\Migrator->usingConnection()
#19 /home/pranjal/Pranjal/vscode/Files/core/vendor/laravel/framework/src/Illuminate/Database/Console/Migrations/MigrateCommand.php(89): Illuminate\\Database\\Console\\Migrations\\MigrateCommand->runMigrations()
#20 /home/pranjal/Pranjal/vscode/Files/core/vendor/laravel/framework/src/Illuminate/Container/BoundMethod.php(36): Illuminate\\Database\\Console\\Migrations\\MigrateCommand->handle()
#21 /home/pranjal/Pranjal/vscode/Files/core/vendor/laravel/framework/src/Illuminate/Container/Util.php(43): Illuminate\\Container\\BoundMethod::{closure:Illuminate\\Container\\BoundMethod::call():35}()
#22 /home/pranjal/Pranjal/vscode/Files/core/vendor/laravel/framework/src/Illuminate/Container/BoundMethod.php(95): Illuminate\\Container\\Util::unwrapIfClosure()
#23 /home/pranjal/Pranjal/vscode/Files/core/vendor/laravel/framework/src/Illuminate/Container/BoundMethod.php(35): Illuminate\\Container\\BoundMethod::callBoundMethod()
#24 /home/pranjal/Pranjal/vscode/Files/core/vendor/laravel/framework/src/Illuminate/Container/Container.php(696): Illuminate\\Container\\BoundMethod::call()
#25 /home/pranjal/Pranjal/vscode/Files/core/vendor/laravel/framework/src/Illuminate/Console/Command.php(213): Illuminate\\Container\\Container->call()
#26 /home/pranjal/Pranjal/vscode/Files/core/vendor/symfony/console/Command/Command.php(318): Illuminate\\Console\\Command->execute()
#27 /home/pranjal/Pranjal/vscode/Files/core/vendor/laravel/framework/src/Illuminate/Console/Command.php(182): Symfony\\Component\\Console\\Command\\Command->run()
#28 /home/pranjal/Pranjal/vscode/Files/core/vendor/symfony/console/Application.php(1110): Illuminate\\Console\\Command->run()
#29 /home/pranjal/Pranjal/vscode/Files/core/vendor/symfony/console/Application.php(359): Symfony\\Component\\Console\\Application->doRunCommand()
#30 /home/pranjal/Pranjal/vscode/Files/core/vendor/symfony/console/Application.php(194): Symfony\\Component\\Console\\Application->doRun()
#31 /home/pranjal/Pranjal/vscode/Files/core/vendor/laravel/framework/src/Illuminate/Foundation/Console/Kernel.php(198): Symfony\\Component\\Console\\Application->run()
#32 /home/pranjal/Pranjal/vscode/Files/core/vendor/laravel/framework/src/Illuminate/Foundation/Application.php(1235): Illuminate\\Foundation\\Console\\Kernel->handle()
#33 /home/pranjal/Pranjal/vscode/Files/core/artisan(13): Illuminate\\Foundation\\Application->handleCommand()
#34 {main}

[previous exception] [object] (PDOException(code: 42S01): SQLSTATE[42S01]: Base table or view already exists: 1050 Table 'admins' already exists at /home/pranjal/Pranjal/vscode/Files/core/vendor/laravel/framework/src/Illuminate/Database/Connection.php:571)
[stacktrace]
#0 /home/pranjal/Pranjal/vscode/Files/core/vendor/laravel/framework/src/Illuminate/Database/Connection.php(571): PDOStatement->execute()
#1 /home/pranjal/Pranjal/vscode/Files/core/vendor/laravel/framework/src/Illuminate/Database/Connection.php(812): Illuminate\\Database\\Connection->{closure:Illuminate\\Database\\Connection::statement():560}()
#2 /home/pranjal/Pranjal/vscode/Files/core/vendor/laravel/framework/src/Illuminate/Database/Connection.php(779): Illuminate\\Database\\Connection->runQueryCallback()
#3 /home/pranjal/Pranjal/vscode/Files/core/vendor/laravel/framework/src/Illuminate/Database/Connection.php(560): Illuminate\\Database\\Connection->run()
#4 /home/pranjal/Pranjal/vscode/Files/core/vendor/laravel/framework/src/Illuminate/Database/Schema/Blueprint.php(118): Illuminate\\Database\\Connection->statement()
#5 /home/pranjal/Pranjal/vscode/Files/core/vendor/laravel/framework/src/Illuminate/Database/Schema/Builder.php(564): Illuminate\\Database\\Schema\\Blueprint->build()
#6 /home/pranjal/Pranjal/vscode/Files/core/vendor/laravel/framework/src/Illuminate/Database/Schema/Builder.php(418): Illuminate\\Database\\Schema\\Builder->build()
#7 /home/pranjal/Pranjal/vscode/Files/core/vendor/laravel/framework/src/Illuminate/Support/Facades/Facade.php(361): Illuminate\\Database\\Schema\\Builder->create()
#8 /home/pranjal/Pranjal/vscode/Files/core/database/migrations/2024_01_01_000001_create_admins_table.php(11): Illuminate\\Support\\Facades\\Facade::__callStatic()
#9 /home/pranjal/Pranjal/vscode/Files/core/vendor/laravel/framework/src/Illuminate/Database/Migrations/Migrator.php(507): Illuminate\\Database\\Migrations\\Migration@anonymous->up()
#10 /home/pranjal/Pranjal/vscode/Files/core/vendor/laravel/framework/src/Illuminate/Database/Migrations/Migrator.php(432): Illuminate\\Database\\Migrations\\Migrator->runMethod()
#11 /home/pranjal/Pranjal/vscode/Files/core/vendor/laravel/framework/src/Illuminate/Database/Migrations/Migrator.php(441): Illuminate\\Database\\Migrations\\Migrator->{closure:Illuminate\\Database\\Migrations\\Migrator::runMigration():428}()
#12 /home/pranjal/Pranjal/vscode/Files/core/vendor/laravel/framework/src/Illuminate/Database/Migrations/Migrator.php(244): Illuminate\\Database\\Migrations\\Migrator->runMigration()
#13 /home/pranjal/Pranjal/vscode/Files/core/vendor/laravel/framework/src/Illuminate/Console/View/Components/Task.php(40): Illuminate\\Database\\Migrations\\Migrator->{closure:Illuminate\\Database\\Migrations\\Migrator::runUp():244}()
#14 /home/pranjal/Pranjal/vscode/Files/core/vendor/laravel/framework/src/Illuminate/Database/Migrations/Migrator.php(798): Illuminate\\Console\\View\\Components\\Task->render()
#15 /home/pranjal/Pranjal/vscode/Files/core/vendor/laravel/framework/src/Illuminate/Database/Migrations/Migrator.php(244): Illuminate\\Database\\Migrations\\Migrator->write()
#16 /home/pranjal/Pranjal/vscode/Files/core/vendor/laravel/framework/src/Illuminate/Database/Migrations/Migrator.php(211): Illuminate\\Database\\Migrations\\Migrator->runUp()
#17 /home/pranjal/Pranjal/vscode/Files/core/vendor/laravel/framework/src/Illuminate/Database/Migrations/Migrator.php(138): Illuminate\\Database\\Migrations\\Migrator->runPending()
#18 /home/pranjal/Pranjal/vscode/Files/core/vendor/laravel/framework/src/Illuminate/Database/Console/Migrations/MigrateCommand.php(117): Illuminate\\Database\\Migrations\\Migrator->run()
#19 /home/pranjal/Pranjal/vscode/Files/core/vendor/laravel/framework/src/Illuminate/Database/Migrations/Migrator.php(658): Illuminate\\Database\\Console\\Migrations\\MigrateCommand->{closure:Illuminate\\Database\\Console\\Migrations\\MigrateCommand::runMigrations():110}()
#20 /home/pranjal/Pranjal/vscode/Files/core/vendor/laravel/framework/src/Illuminate/Database/Console/Migrations/MigrateCommand.php(110): Illuminate\\Database\\Migrations\\Migrator->usingConnection()
#21 /home/pranjal/Pranjal/vscode/Files/core/vendor/laravel/framework/src/Illuminate/Database/Console/Migrations/MigrateCommand.php(89): Illuminate\\Database\\Console\\Migrations\\MigrateCommand->runMigrations()
#22 /home/pranjal/Pranjal/vscode/Files/core/vendor/laravel/framework/src/Illuminate/Container/BoundMethod.php(36): Illuminate\\Database\\Console\\Migrations\\MigrateCommand->handle()
#23 /home/pranjal/Pranjal/vscode/Files/core/vendor/laravel/framework/src/Illuminate/Container/Util.php(43): Illuminate\\Container\\BoundMethod::{closure:Illuminate\\Container\\BoundMethod::call():35}()
#24 /home/pranjal/Pranjal/vscode/Files/core/vendor/laravel/framework/src/Illuminate/Container/BoundMethod.php(95): Illuminate\\Container\\Util::unwrapIfClosure()
#25 /home/pranjal/Pranjal/vscode/Files/core/vendor/laravel/framework/src/Illuminate/Container/BoundMethod.php(35): Illuminate\\Container\\BoundMethod::callBoundMethod()
#26 /home/pranjal/Pranjal/vscode/Files/core/vendor/laravel/framework/src/Illuminate/Container/Container.php(696): Illuminate\\Container\\BoundMethod::call()
#27 /home/pranjal/Pranjal/vscode/Files/core/vendor/laravel/framework/src/Illuminate/Console/Command.php(213): Illuminate\\Container\\Container->call()
#28 /home/pranjal/Pranjal/vscode/Files/core/vendor/symfony/console/Command/Command.php(318): Illuminate\\Console\\Command->execute()
#29 /home/pranjal/Pranjal/vscode/Files/core/vendor/laravel/framework/src/Illuminate/Console/Command.php(182): Symfony\\Component\\Console\\Command\\Command->run()
#30 /home/pranjal/Pranjal/vscode/Files/core/vendor/symfony/console/Application.php(1110): Illuminate\\Console\\Command->run()
#31 /home/pranjal/Pranjal/vscode/Files/core/vendor/symfony/console/Application.php(359): Symfony\\Component\\Console\\Application->doRunCommand()
#32 /home/pranjal/Pranjal/vscode/Files/core/vendor/symfony/console/Application.php(194): Symfony\\Component\\Console\\Application->doRun()
#33 /home/pranjal/Pranjal/vscode/Files/core/vendor/laravel/framework/src/Illuminate/Foundation/Console/Kernel.php(198): Symfony\\Component\\Console\\Application->run()
#34 /home/pranjal/Pranjal/vscode/Files/core/vendor/laravel/framework/src/Illuminate/Foundation/Application.php(1235): Illuminate\\Foundation\\Console\\Kernel->handle()
#35 /home/pranjal/Pranjal/vscode/Files/core/artisan(13): Illuminate\\Foundation\\Application->handleCommand()
#36 {main}
"} 
[2026-07-22 15:16:56] local.ERROR: PHP Parse error: Syntax error, unexpected T_NS_SEPARATOR on line 1 {"exception":"[object] (Psy\\Exception\\ParseErrorException(code: 0): PHP Parse error: Syntax error, unexpected T_NS_SEPARATOR on line 1 at /home/pranjal/Pranjal/vscode/Files/core/vendor/psy/psysh/src/Exception/ParseErrorException.php:44)
[stacktrace]
#0 /home/pranjal/Pranjal/vscode/Files/core/vendor/psy/psysh/src/CodeCleaner.php(306): Psy\\Exception\\ParseErrorException::fromParseError()
#1 /home/pranjal/Pranjal/vscode/Files/core/vendor/psy/psysh/src/CodeCleaner.php(240): Psy\\CodeCleaner->parse()
#2 /home/pranjal/Pranjal/vscode/Files/core/vendor/psy/psysh/src/Shell.php(852): Psy\\CodeCleaner->clean()
#3 /home/pranjal/Pranjal/vscode/Files/core/vendor/psy/psysh/src/Shell.php(881): Psy\\Shell->addCode()
#4 /home/pranjal/Pranjal/vscode/Files/core/vendor/psy/psysh/src/Shell.php(1394): Psy\\Shell->setCode()
#5 /home/pranjal/Pranjal/vscode/Files/core/vendor/laravel/tinker/src/Console/TinkerCommand.php(76): Psy\\Shell->execute()
#6 /home/pranjal/Pranjal/vscode/Files/core/vendor/laravel/framework/src/Illuminate/Container/BoundMethod.php(36): Laravel\\Tinker\\Console\\TinkerCommand->handle()
#7 /home/pranjal/Pranjal/vscode/Files/core/vendor/laravel/framework/src/Illuminate/Container/Util.php(43): Illuminate\\Container\\BoundMethod::{closure:Illuminate\\Container\\BoundMethod::call():35}()
#8 /home/pranjal/Pranjal/vscode/Files/core/vendor/laravel/framework/src/Illuminate/Container/BoundMethod.php(95): Illuminate\\Container\\Util::unwrapIfClosure()
#9 /home/pranjal/Pranjal/vscode/Files/core/vendor/laravel/framework/src/Illuminate/Container/BoundMethod.php(35): Illuminate\\Container\\BoundMethod::callBoundMethod()
#10 /home/pranjal/Pranjal/vscode/Files/core/vendor/laravel/framework/src/Illuminate/Container/Container.php(696): Illuminate\\Container\\BoundMethod::call()
#11 /home/pranjal/Pranjal/vscode/Files/core/vendor/laravel/framework/src/Illuminate/Console/Command.php(213): Illuminate\\Container\\Container->call()
#12 /home/pranjal/Pranjal/vscode/Files/core/vendor/symfony/console/Command/Command.php(318): Illuminate\\Console\\Command->execute()
#13 /home/pranjal/Pranjal/vscode/Files/core/vendor/laravel/framework/src/Illuminate/Console/Command.php(182): Symfony\\Component\\Console\\Command\\Command->run()
#14 /home/pranjal/Pranjal/vscode/Files/core/vendor/symfony/console/Application.php(1110): Illuminate\\Console\\Command->run()
#15 /home/pranjal/Pranjal/vscode/Files/core/vendor/symfony/console/Application.php(359): Symfony\\Component\\Console\\Application->doRunCommand()
#16 /home/pranjal/Pranjal/vscode/Files/core/vendor/symfony/console/Application.php(194): Symfony\\Component\\Console\\Application->doRun()
#17 /home/pranjal/Pranjal/vscode/Files/core/vendor/laravel/framework/src/Illuminate/Foundation/Console/Kernel.php(198): Symfony\\Component\\Console\\Application->run()
#18 /home/pranjal/Pranjal/vscode/Files/core/vendor/laravel/framework/src/Illuminate/Foundation/Application.php(1235): Illuminate\\Foundation\\Console\\Kernel->handle()
#19 /home/pranjal/Pranjal/vscode/Files/core/artisan(13): Illuminate\\Foundation\\Application->handleCommand()
#20 {main}
"} 
[2026-07-22 15:16:57] local.ERROR: PHP Parse error: Syntax error, unexpected T_NS_SEPARATOR on line 1 {"exception":"[object] (Psy\\Exception\\ParseErrorException(code: 0): PHP Parse error: Syntax error, unexpected T_NS_SEPARATOR on line 1 at /home/pranjal/Pranjal/vscode/Files/core/vendor/psy/psysh/src/Exception/ParseErrorException.php:44)
[stacktrace]
#0 /home/pranjal/Pranjal/vscode/Files/core/vendor/psy/psysh/src/CodeCleaner.php(306): Psy\\Exception\\ParseErrorException::fromParseError()
#1 /home/pranjal/Pranjal/vscode/Files/core/vendor/psy/psysh/src/CodeCleaner.php(240): Psy\\CodeCleaner->parse()
#2 /home/pranjal/Pranjal/vscode/Files/core/vendor/psy/psysh/src/Shell.php(852): Psy\\CodeCleaner->clean()
#3 /home/pranjal/Pranjal/vscode/Files/core/vendor/psy/psysh/src/Shell.php(881): Psy\\Shell->addCode()
#4 /home/pranjal/Pranjal/vscode/Files/core/vendor/psy/psysh/src/Shell.php(1394): Psy\\Shell->setCode()
#5 /home/pranjal/Pranjal/vscode/Files/core/vendor/laravel/tinker/src/Console/TinkerCommand.php(76): Psy\\Shell->execute()
#6 /home/pranjal/Pranjal/vscode/Files/core/vendor/laravel/framework/src/Illuminate/Container/BoundMethod.php(36): Laravel\\Tinker\\Console\\TinkerCommand->handle()
#7 /home/pranjal/Pranjal/vscode/Files/core/vendor/laravel/framework/src/Illuminate/Container/Util.php(43): Illuminate\\Container\\BoundMethod::{closure:Illuminate\\Container\\BoundMethod::call():35}()
#8 /home/pranjal/Pranjal/vscode/Files/core/vendor/laravel/framework/src/Illuminate/Container/BoundMethod.php(95): Illuminate\\Container\\Util::unwrapIfClosure()
#9 /home/pranjal/Pranjal/vscode/Files/core/vendor/laravel/framework/src/Illuminate/Container/BoundMethod.php(35): Illuminate\\Container\\BoundMethod::callBoundMethod()
#10 /home/pranjal/Pranjal/vscode/Files/core/vendor/laravel/framework/src/Illuminate/Container/Container.php(696): Illuminate\\Container\\BoundMethod::call()
#11 /home/pranjal/Pranjal/vscode/Files/core/vendor/laravel/framework/src/Illuminate/Console/Command.php(213): Illuminate\\Container\\Container->call()
#12 /home/pranjal/Pranjal/vscode/Files/core/vendor/symfony/console/Command/Command.php(318): Illuminate\\Console\\Command->execute()
#13 /home/pranjal/Pranjal/vscode/Files/core/vendor/laravel/framework/src/Illuminate/Console/Command.php(182): Symfony\\Component\\Console\\Command\\Command->run()
#14 /home/pranjal/Pranjal/vscode/Files/core/vendor/symfony/console/Application.php(1110): Illuminate\\Console\\Command->run()
#15 /home/pranjal/Pranjal/vscode/Files/core/vendor/symfony/console/Application.php(359): Symfony\\Component\\Console\\Application->doRunCommand()
#16 /home/pranjal/Pranjal/vscode/Files/core/vendor/symfony/console/Application.php(194): Symfony\\Component\\Console\\Application->doRun()
#17 /home/pranjal/Pranjal/vscode/Files/core/vendor/laravel/framework/src/Illuminate/Foundation/Console/Kernel.php(198): Symfony\\Component\\Console\\Application->run()
#18 /home/pranjal/Pranjal/vscode/Files/core/vendor/laravel/framework/src/Illuminate/Foundation/Application.php(1235): Illuminate\\Foundation\\Console\\Kernel->handle()
#19 /home/pranjal/Pranjal/vscode/Files/core/artisan(13): Illuminate\\Foundation\\Application->handleCommand()
#20 {main}
"} 
[2026-07-22 15:17:22] local.ERROR: SQLSTATE[42S01]: Base table or view already exists: 1050 Table 'admins' already exists (Connection: mysql, SQL: create table `admins` (`id` bigint unsigned not null auto_increment primary key, `username` varchar(50) not null, `email` varchar(100) not null, `password` varchar(255) not null, `name` varchar(100) not null, `image` varchar(255) null, `remember_token` varchar(100) null, `created_at` timestamp null, `updated_at` timestamp null) default character set utf8mb4 collate 'utf8mb4_unicode_ci') {"exception":"[object] (Illuminate\\Database\\QueryException(code: 42S01): SQLSTATE[42S01]: Base table or view already exists: 1050 Table 'admins' already exists (Connection: mysql, SQL: create table `admins` (`id` bigint unsigned not null auto_increment primary key, `username` varchar(50) not null, `email` varchar(100) not null, `password` varchar(255) not null, `name` varchar(100) not null, `image` varchar(255) null, `remember_token` varchar(100) null, `created_at` timestamp null, `updated_at` timestamp null) default character set utf8mb4 collate 'utf8mb4_unicode_ci') at /home/pranjal/Pranjal/vscode/Files/core/vendor/laravel/framework/src/Illuminate/Database/Connection.php:825)
[stacktrace]
#0 /home/pranjal/Pranjal/vscode/Files/core/vendor/laravel/framework/src/Illuminate/Database/Connection.php(779): Illuminate\\Database\\Connection->runQueryCallback()
#1 /home/pranjal/Pranjal/vscode/Files/core/vendor/laravel/framework/src/Illuminate/Database/Connection.php(560): Illuminate\\Database\\Connection->run()
#2 /home/pranjal/Pranjal/vscode/Files/core/vendor/laravel/framework/src/Illuminate/Database/Schema/Blueprint.php(118): Illuminate\\Database\\Connection->statement()
#3 /home/pranjal/Pranjal/vscode/Files/core/vendor/laravel/framework/src/Illuminate/Database/Schema/Builder.php(564): Illuminate\\Database\\Schema\\Blueprint->build()
#4 /home/pranjal/Pranjal/vscode/Files/core/vendor/laravel/framework/src/Illuminate/Database/Schema/Builder.php(418): Illuminate\\Database\\Schema\\Builder->build()
#5 /home/pranjal/Pranjal/vscode/Files/core/vendor/laravel/framework/src/Illuminate/Support/Facades/Facade.php(361): Illuminate\\Database\\Schema\\Builder->create()
#6 /home/pranjal/Pranjal/vscode/Files/core/database/migrations/2024_01_01_000001_create_admins_table.php(11): Illuminate\\Support\\Facades\\Facade::__callStatic()
#7 /home/pranjal/Pranjal/vscode/Files/core/vendor/laravel/framework/src/Illuminate/Database/Migrations/Migrator.php(507): Illuminate\\Database\\Migrations\\Migration@anonymous->up()
#8 /home/pranjal/Pranjal/vscode/Files/core/vendor/laravel/framework/src/Illuminate/Database/Migrations/Migrator.php(432): Illuminate\\Database\\Migrations\\Migrator->runMethod()
#9 /home/pranjal/Pranjal/vscode/Files/core/vendor/laravel/framework/src/Illuminate/Database/Migrations/Migrator.php(441): Illuminate\\Database\\Migrations\\Migrator->{closure:Illuminate\\Database\\Migrations\\Migrator::runMigration():428}()
#10 /home/pranjal/Pranjal/vscode/Files/core/vendor/laravel/framework/src/Illuminate/Database/Migrations/Migrator.php(244): Illuminate\\Database\\Migrations\\Migrator->runMigration()
#11 /home/pranjal/Pranjal/vscode/Files/core/vendor/laravel/framework/src/Illuminate/Console/View/Components/Task.php(40): Illuminate\\Database\\Migrations\\Migrator->{closure:Illuminate\\Database\\Migrations\\Migrator::runUp():244}()
#12 /home/pranjal/Pranjal/vscode/Files/core/vendor/laravel/framework/src/Illuminate/Database/Migrations/Migrator.php(798): Illuminate\\Console\\View\\Components\\Task->render()
#13 /home/pranjal/Pranjal/vscode/Files/core/vendor/laravel/framework/src/Illuminate/Database/Migrations/Migrator.php(244): Illuminate\\Database\\Migrations\\Migrator->write()
#14 /home/pranjal/Pranjal/vscode/Files/core/vendor/laravel/framework/src/Illuminate/Database/Migrations/Migrator.php(211): Illuminate\\Database\\Migrations\\Migrator->runUp()
#15 /home/pranjal/Pranjal/vscode/Files/core/vendor/laravel/framework/src/Illuminate/Database/Migrations/Migrator.php(138): Illuminate\\Database\\Migrations\\Migrator->runPending()
#16 /home/pranjal/Pranjal/vscode/Files/core/vendor/laravel/framework/src/Illuminate/Database/Console/Migrations/MigrateCommand.php(117): Illuminate\\Database\\Migrations\\Migrator->run()
#17 /home/pranjal/Pranjal/vscode/Files/core/vendor/laravel/framework/src/Illuminate/Database/Migrations/Migrator.php(658): Illuminate\\Database\\Console\\Migrations\\MigrateCommand->{closure:Illuminate\\Database\\Console\\Migrations\\MigrateCommand::runMigrations():110}()
#18 /home/pranjal/Pranjal/vscode/Files/core/vendor/laravel/framework/src/Illuminate/Database/Console/Migrations/MigrateCommand.php(110): Illuminate\\Database\\Migrations\\Migrator->usingConnection()
#19 /home/pranjal/Pranjal/vscode/Files/core/vendor/laravel/framework/src/Illuminate/Database/Console/Migrations/MigrateCommand.php(89): Illuminate\\Database\\Console\\Migrations\\MigrateCommand->runMigrations()
#20 /home/pranjal/Pranjal/vscode/Files/core/vendor/laravel/framework/src/Illuminate/Container/BoundMethod.php(36): Illuminate\\Database\\Console\\Migrations\\MigrateCommand->handle()
#21 /home/pranjal/Pranjal/vscode/Files/core/vendor/laravel/framework/src/Illuminate/Container/Util.php(43): Illuminate\\Container\\BoundMethod::{closure:Illuminate\\Container\\BoundMethod::call():35}()
#22 /home/pranjal/Pranjal/vscode/Files/core/vendor/laravel/framework/src/Illuminate/Container/BoundMethod.php(95): Illuminate\\Container\\Util::unwrapIfClosure()
#23 /home/pranjal/Pranjal/vscode/Files/core/vendor/laravel/framework/src/Illuminate/Container/BoundMethod.php(35): Illuminate\\Container\\BoundMethod::callBoundMethod()
#24 /home/pranjal/Pranjal/vscode/Files/core/vendor/laravel/framework/src/Illuminate/Container/Container.php(696): Illuminate\\Container\\BoundMethod::call()
#25 /home/pranjal/Pranjal/vscode/Files/core/vendor/laravel/framework/src/Illuminate/Console/Command.php(213): Illuminate\\Container\\Container->call()
#26 /home/pranjal/Pranjal/vscode/Files/core/vendor/symfony/console/Command/Command.php(318): Illuminate\\Console\\Command->execute()
#27 /home/pranjal/Pranjal/vscode/Files/core/vendor/laravel/framework/src/Illuminate/Console/Command.php(182): Symfony\\Component\\Console\\Command\\Command->run()
#28 /home/pranjal/Pranjal/vscode/Files/core/vendor/symfony/console/Application.php(1110): Illuminate\\Console\\Command->run()
#29 /home/pranjal/Pranjal/vscode/Files/core/vendor/symfony/console/Application.php(359): Symfony\\Component\\Console\\Application->doRunCommand()
#30 /home/pranjal/Pranjal/vscode/Files/core/vendor/symfony/console/Application.php(194): Symfony\\Component\\Console\\Application->doRun()
#31 /home/pranjal/Pranjal/vscode/Files/core/vendor/laravel/framework/src/Illuminate/Foundation/Console/Kernel.php(198): Symfony\\Component\\Console\\Application->run()
#32 /home/pranjal/Pranjal/vscode/Files/core/vendor/laravel/framework/src/Illuminate/Foundation/Application.php(1235): Illuminate\\Foundation\\Console\\Kernel->handle()
#33 /home/pranjal/Pranjal/vscode/Files/core/artisan(13): Illuminate\\Foundation\\Application->handleCommand()
#34 {main}

[previous exception] [object] (PDOException(code: 42S01): SQLSTATE[42S01]: Base table or view already exists: 1050 Table 'admins' already exists at /home/pranjal/Pranjal/vscode/Files/core/vendor/laravel/framework/src/Illuminate/Database/Connection.php:571)
[stacktrace]
#0 /home/pranjal/Pranjal/vscode/Files/core/vendor/laravel/framework/src/Illuminate/Database/Connection.php(571): PDOStatement->execute()
#1 /home/pranjal/Pranjal/vscode/Files/core/vendor/laravel/framework/src/Illuminate/Database/Connection.php(812): Illuminate\\Database\\Connection->{closure:Illuminate\\Database\\Connection::statement():560}()
#2 /home/pranjal/Pranjal/vscode/Files/core/vendor/laravel/framework/src/Illuminate/Database/Connection.php(779): Illuminate\\Database\\Connection->runQueryCallback()
#3 /home/pranjal/Pranjal/vscode/Files/core/vendor/laravel/framework/src/Illuminate/Database/Connection.php(560): Illuminate\\Database\\Connection->run()
#4 /home/pranjal/Pranjal/vscode/Files/core/vendor/laravel/framework/src/Illuminate/Database/Schema/Blueprint.php(118): Illuminate\\Database\\Connection->statement()
#5 /home/pranjal/Pranjal/vscode/Files/core/vendor/laravel/framework/src/Illuminate/Database/Schema/Builder.php(564): Illuminate\\Database\\Schema\\Blueprint->build()
#6 /home/pranjal/Pranjal/vscode/Files/core/vendor/laravel/framework/src/Illuminate/Database/Schema/Builder.php(418): Illuminate\\Database\\Schema\\Builder->build()
#7 /home/pranjal/Pranjal/vscode/Files/core/vendor/laravel/framework/src/Illuminate/Support/Facades/Facade.php(361): Illuminate\\Database\\Schema\\Builder->create()
#8 /home/pranjal/Pranjal/vscode/Files/core/database/migrations/2024_01_01_000001_create_admins_table.php(11): Illuminate\\Support\\Facades\\Facade::__callStatic()
#9 /home/pranjal/Pranjal/vscode/Files/core/vendor/laravel/framework/src/Illuminate/Database/Migrations/Migrator.php(507): Illuminate\\Database\\Migrations\\Migration@anonymous->up()
#10 /home/pranjal/Pranjal/vscode/Files/core/vendor/laravel/framework/src/Illuminate/Database/Migrations/Migrator.php(432): Illuminate\\Database\\Migrations\\Migrator->runMethod()
#11 /home/pranjal/Pranjal/vscode/Files/core/vendor/laravel/framework/src/Illuminate/Database/Migrations/Migrator.php(441): Illuminate\\Database\\Migrations\\Migrator->{closure:Illuminate\\Database\\Migrations\\Migrator::runMigration():428}()
#12 /home/pranjal/Pranjal/vscode/Files/core/vendor/laravel/framework/src/Illuminate/Database/Migrations/Migrator.php(244): Illuminate\\Database\\Migrations\\Migrator->runMigration()
#13 /home/pranjal/Pranjal/vscode/Files/core/vendor/laravel/framework/src/Illuminate/Console/View/Components/Task.php(40): Illuminate\\Database\\Migrations\\Migrator->{closure:Illuminate\\Database\\Migrations\\Migrator::runUp():244}()
#14 /home/pranjal/Pranjal/vscode/Files/core/vendor/laravel/framework/src/Illuminate/Database/Migrations/Migrator.php(798): Illuminate\\Console\\View\\Components\\Task->render()
#15 /home/pranjal/Pranjal/vscode/Files/core/vendor/laravel/framework/src/Illuminate/Database/Migrations/Migrator.php(244): Illuminate\\Database\\Migrations\\Migrator->write()
#16 /home/pranjal/Pranjal/vscode/Files/core/vendor/laravel/framework/src/Illuminate/Database/Migrations/Migrator.php(211): Illuminate\\Database\\Migrations\\Migrator->runUp()
#17 /home/pranjal/Pranjal/vscode/Files/core/vendor/laravel/framework/src/Illuminate/Database/Migrations/Migrator.php(138): Illuminate\\Database\\Migrations\\Migrator->runPending()
#18 /home/pranjal/Pranjal/vscode/Files/core/vendor/laravel/framework/src/Illuminate/Database/Console/Migrations/MigrateCommand.php(117): Illuminate\\Database\\Migrations\\Migrator->run()
#19 /home/pranjal/Pranjal/vscode/Files/core/vendor/laravel/framework/src/Illuminate/Database/Migrations/Migrator.php(658): Illuminate\\Database\\Console\\Migrations\\MigrateCommand->{closure:Illuminate\\Database\\Console\\Migrations\\MigrateCommand::runMigrations():110}()
#20 /home/pranjal/Pranjal/vscode/Files/core/vendor/laravel/framework/src/Illuminate/Database/Console/Migrations/MigrateCommand.php(110): Illuminate\\Database\\Migrations\\Migrator->usingConnection()
#21 /home/pranjal/Pranjal/vscode/Files/core/vendor/laravel/framework/src/Illuminate/Database/Console/Migrations/MigrateCommand.php(89): Illuminate\\Database\\Console\\Migrations\\MigrateCommand->runMigrations()
#22 /home/pranjal/Pranjal/vscode/Files/core/vendor/laravel/framework/src/Illuminate/Container/BoundMethod.php(36): Illuminate\\Database\\Console\\Migrations\\MigrateCommand->handle()
#23 /home/pranjal/Pranjal/vscode/Files/core/vendor/laravel/framework/src/Illuminate/Container/Util.php(43): Illuminate\\Container\\BoundMethod::{closure:Illuminate\\Container\\BoundMethod::call():35}()
#24 /home/pranjal/Pranjal/vscode/Files/core/vendor/laravel/framework/src/Illuminate/Container/BoundMethod.php(95): Illuminate\\Container\\Util::unwrapIfClosure()
#25 /home/pranjal/Pranjal/vscode/Files/core/vendor/laravel/framework/src/Illuminate/Container/BoundMethod.php(35): Illuminate\\Container\\BoundMethod::callBoundMethod()
#26 /home/pranjal/Pranjal/vscode/Files/core/vendor/laravel/framework/src/Illuminate/Container/Container.php(696): Illuminate\\Container\\BoundMethod::call()
#27 /home/pranjal/Pranjal/vscode/Files/core/vendor/laravel/framework/src/Illuminate/Console/Command.php(213): Illuminate\\Container\\Container->call()
#28 /home/pranjal/Pranjal/vscode/Files/core/vendor/symfony/console/Command/Command.php(318): Illuminate\\Console\\Command->execute()
#29 /home/pranjal/Pranjal/vscode/Files/core/vendor/laravel/framework/src/Illuminate/Console/Command.php(182): Symfony\\Component\\Console\\Command\\Command->run()
#30 /home/pranjal/Pranjal/vscode/Files/core/vendor/symfony/console/Application.php(1110): Illuminate\\Console\\Command->run()
#31 /home/pranjal/Pranjal/vscode/Files/core/vendor/symfony/console/Application.php(359): Symfony\\Component\\Console\\Application->doRunCommand()
#32 /home/pranjal/Pranjal/vscode/Files/core/vendor/symfony/console/Application.php(194): Symfony\\Component\\Console\\Application->doRun()
#33 /home/pranjal/Pranjal/vscode/Files/core/vendor/laravel/framework/src/Illuminate/Foundation/Console/Kernel.php(198): Symfony\\Component\\Console\\Application->run()
#34 /home/pranjal/Pranjal/vscode/Files/core/vendor/laravel/framework/src/Illuminate/Foundation/Application.php(1235): Illuminate\\Foundation\\Console\\Kernel->handle()
#35 /home/pranjal/Pranjal/vscode/Files/core/artisan(13): Illuminate\\Foundation\\Application->handleCommand()
#36 {main}
"} 
